/Users/ramtani/Library/Python/3.9/lib/python/site-packages/urllib3/__init__.py:35: NotOpenSSLWarning: urllib3 v2 only supports OpenSSL 1.1.1+, currently the 'ssl' module is compiled with 'LibreSSL 2.8.3'. See: https://github.com/urllib3/urllib3/issues/3020
  warnings.warn(
Database initialized successfully
============================= test session starts ==============================
platform darwin -- Python 3.9.6, pytest-8.4.2, pluggy-1.6.0
rootdir: /Users/ramtani/Desktop/projet_python
configfile: pytest.ini
plugins: langsmith-0.4.25, anyio-4.10.0
DEBUG: DATABASE_URL=sqlite:////Users/ramtani/Desktop/projet_python/platonAAV.db
collected 1 item

tests/test_exercise_engine.py Database initialized successfully
DEBUG: DATABASE_URL=sqlite:////Users/ramtani/Desktop/projet_python/platonAAV.db
F

=================================== FAILURES ===================================
________________________ test_get_prompts_for_aav_real _________________________

self = <sqlalchemy.engine.base.Connection object at 0x10d5f3c70>
dialect = <sqlalchemy.dialects.sqlite.pysqlite.SQLiteDialect_pysqlite object at 0x10c394c10>
context = <sqlalchemy.dialects.sqlite.base.SQLiteExecutionContext object at 0x10d615250>
statement = <sqlalchemy.dialects.sqlite.base.SQLiteCompiler object at 0x10d615070>
parameters = [(1, 'AAV Test', None, 'Maths', None, None, ...)]

    def _exec_single_context(
        self,
        dialect: Dialect,
        context: ExecutionContext,
        statement: Union[str, Compiled],
        parameters: Optional[_AnyMultiExecuteParams],
    ) -> CursorResult[Any]:
        """continue the _execute_context() method for a single DBAPI
        cursor.execute() or cursor.executemany() call.
    
        """
        if dialect.bind_typing is BindTyping.SETINPUTSIZES:
            generic_setinputsizes = context._prepare_set_input_sizes()
    
            if generic_setinputsizes:
                try:
                    dialect.do_set_input_sizes(
                        context.cursor, generic_setinputsizes, context
                    )
                except BaseException as e:
                    self._handle_dbapi_exception(
                        e, str(statement), parameters, None, context
                    )
    
        cursor, str_statement, parameters = (
            context.cursor,
            context.statement,
            context.parameters,
        )
    
        effective_parameters: Optional[_AnyExecuteParams]
    
        if not context.executemany:
            effective_parameters = parameters[0]
        else:
            effective_parameters = parameters
    
        if self._has_events or self.engine._has_events:
            for fn in self.dispatch.before_cursor_execute:
                str_statement, effective_parameters = fn(
                    self,
                    cursor,
                    str_statement,
                    effective_parameters,
                    context,
                    context.executemany,
                )
    
        if self._echo:
            self._log_info(str_statement)
    
            stats = context._get_cache_stats()
    
            if not self.engine.hide_parameters:
                self._log_info(
                    "[%s] %r",
                    stats,
                    sql_util._repr_params(
                        effective_parameters,
                        batches=10,
                        ismulti=context.executemany,
                    ),
                )
            else:
                self._log_info(
                    "[%s] [SQL parameters hidden due to hide_parameters=True]",
                    stats,
                )
    
        evt_handled: bool = False
        try:
            if context.execute_style is ExecuteStyle.EXECUTEMANY:
                effective_parameters = cast(
                    "_CoreMultiExecuteParams", effective_parameters
                )
                if self.dialect._has_events:
                    for fn in self.dialect.dispatch.do_executemany:
                        if fn(
                            cursor,
                            str_statement,
                            effective_parameters,
                            context,
                        ):
                            evt_handled = True
                            break
                if not evt_handled:
                    self.dialect.do_executemany(
                        cursor,
                        str_statement,
                        effective_parameters,
                        context,
                    )
            elif not effective_parameters and context.no_parameters:
                if self.dialect._has_events:
                    for fn in self.dialect.dispatch.do_execute_no_params:
                        if fn(cursor, str_statement, context):
                            evt_handled = True
                            break
                if not evt_handled:
                    self.dialect.do_execute_no_params(
                        cursor, str_statement, context
                    )
            else:
                effective_parameters = cast(
                    "_CoreSingleExecuteParams", effective_parameters
                )
                if self.dialect._has_events:
                    for fn in self.dialect.dispatch.do_execute:
                        if fn(
                            cursor,
                            str_statement,
                            effective_parameters,
                            context,
                        ):
                            evt_handled = True
                            break
                if not evt_handled:
>                   self.dialect.do_execute(
                        cursor, str_statement, effective_parameters, context
                    )

../../Library/Python/3.9/lib/python/site-packages/sqlalchemy/engine/base.py:1967: 
_ _ _ _ _ _ _ _ _ _ _ _ _ _ _ _ _ _ _ _ _ _ _ _ _ _ _ _ _ _ _ _ _ _ _ _ _ _ _ _ 

self = <sqlalchemy.dialects.sqlite.pysqlite.SQLiteDialect_pysqlite object at 0x10c394c10>
cursor = <sqlite3.Cursor object at 0x10d6140a0>
statement = 'INSERT INTO aav (id_aav, nom, libelle_integration, discipline, enseignement, id_enseignant, type_aav, description_mar...ctive, version) VALUES (?, ?, ?, ?, ?, ?, ?, ?, ?, ?, ?, ?, ?, ?, ?, ?, ?, ?) RETURNING id_aav, created_at, updated_at'
parameters = (1, 'AAV Test', None, 'Maths', None, None, ...)
context = <sqlalchemy.dialects.sqlite.base.SQLiteExecutionContext object at 0x10d615250>

    def do_execute(self, cursor, statement, parameters, context=None):
>       cursor.execute(statement, parameters)
E       sqlite3.IntegrityError: UNIQUE constraint failed: aav.id_aav

../../Library/Python/3.9/lib/python/site-packages/sqlalchemy/engine/default.py:952: IntegrityError

The above exception was the direct cause of the following exception:

db_session = <sqlalchemy.orm.session.Session object at 0x10d4f5040>

    def test_get_prompts_for_aav_real(db_session):
        from app.database import DATABASE_URL
        print(f"DEBUG: DATABASE_URL={DATABASE_URL}")
        aav = mock_aav(id_aav=1)
        prompt = mock_prompt(id_prompt=1, id_aav=1)
        db_session.add(aav)
        db_session.add(prompt)
>       db_session.commit()

tests/test_exercise_engine.py:58: 
_ _ _ _ _ _ _ _ _ _ _ _ _ _ _ _ _ _ _ _ _ _ _ _ _ _ _ _ _ _ _ _ _ _ _ _ _ _ _ _ 
../../Library/Python/3.9/lib/python/site-packages/sqlalchemy/orm/session.py:2030: in commit
    trans.commit(_to_root=True)
<string>:2: in commit
    ???
../../Library/Python/3.9/lib/python/site-packages/sqlalchemy/orm/state_changes.py:137: in _go
    ret_value = fn(self, *arg, **kw)
../../Library/Python/3.9/lib/python/site-packages/sqlalchemy/orm/session.py:1311: in commit
    self._prepare_impl()
<string>:2: in _prepare_impl
    ???
../../Library/Python/3.9/lib/python/site-packages/sqlalchemy/orm/state_changes.py:137: in _go
    ret_value = fn(self, *arg, **kw)
../../Library/Python/3.9/lib/python/site-packages/sqlalchemy/orm/session.py:1286: in _prepare_impl
    self.session.flush()
../../Library/Python/3.9/lib/python/site-packages/sqlalchemy/orm/session.py:4331: in flush
    self._flush(objects)
../../Library/Python/3.9/lib/python/site-packages/sqlalchemy/orm/session.py:4467: in _flush
    transaction.rollback(_capture_exception=True)
../../Library/Python/3.9/lib/python/site-packages/sqlalchemy/util/langhelpers.py:121: in __exit__
    raise exc_value.with_traceback(exc_tb)
../../Library/Python/3.9/lib/python/site-packages/sqlalchemy/orm/session.py:4427: in _flush
    flush_context.execute()
../../Library/Python/3.9/lib/python/site-packages/sqlalchemy/orm/unitofwork.py:466: in execute
    rec.execute(self)
../../Library/Python/3.9/lib/python/site-packages/sqlalchemy/orm/unitofwork.py:642: in execute
    util.preloaded.orm_persistence.save_obj(
../../Library/Python/3.9/lib/python/site-packages/sqlalchemy/orm/persistence.py:93: in save_obj
    _emit_insert_statements(
../../Library/Python/3.9/lib/python/site-packages/sqlalchemy/orm/persistence.py:1233: in _emit_insert_statements
    result = connection.execute(
../../Library/Python/3.9/lib/python/site-packages/sqlalchemy/engine/base.py:1419: in execute
    return meth(
../../Library/Python/3.9/lib/python/site-packages/sqlalchemy/sql/elements.py:527: in _execute_on_connection
    return connection._execute_clauseelement(
../../Library/Python/3.9/lib/python/site-packages/sqlalchemy/engine/base.py:1641: in _execute_clauseelement
    ret = self._execute_context(
../../Library/Python/3.9/lib/python/site-packages/sqlalchemy/engine/base.py:1846: in _execute_context
    return self._exec_single_context(
../../Library/Python/3.9/lib/python/site-packages/sqlalchemy/engine/base.py:1986: in _exec_single_context
    self._handle_dbapi_exception(
../../Library/Python/3.9/lib/python/site-packages/sqlalchemy/engine/base.py:2363: in _handle_dbapi_exception
    raise sqlalchemy_exception.with_traceback(exc_info[2]) from e
../../Library/Python/3.9/lib/python/site-packages/sqlalchemy/engine/base.py:1967: in _exec_single_context
    self.dialect.do_execute(
_ _ _ _ _ _ _ _ _ _ _ _ _ _ _ _ _ _ _ _ _ _ _ _ _ _ _ _ _ _ _ _ _ _ _ _ _ _ _ _ 

self = <sqlalchemy.dialects.sqlite.pysqlite.SQLiteDialect_pysqlite object at 0x10c394c10>
cursor = <sqlite3.Cursor object at 0x10d6140a0>
statement = 'INSERT INTO aav (id_aav, nom, libelle_integration, discipline, enseignement, id_enseignant, type_aav, description_mar...ctive, version) VALUES (?, ?, ?, ?, ?, ?, ?, ?, ?, ?, ?, ?, ?, ?, ?, ?, ?, ?) RETURNING id_aav, created_at, updated_at'
parameters = (1, 'AAV Test', None, 'Maths', None, None, ...)
context = <sqlalchemy.dialects.sqlite.base.SQLiteExecutionContext object at 0x10d615250>

    def do_execute(self, cursor, statement, parameters, context=None):
>       cursor.execute(statement, parameters)
E       sqlalchemy.exc.IntegrityError: (sqlite3.IntegrityError) UNIQUE constraint failed: aav.id_aav
E       [SQL: INSERT INTO aav (id_aav, nom, libelle_integration, discipline, enseignement, id_enseignant, type_aav, description_markdown, prerequis_ids, prerequis_externes_codes, code_prerequis_interdisciplinaire, aav_enfant_ponderation, type_evaluation, ids_exercices, prompts_fabrication_ids, regles_progression, is_active, version) VALUES (?, ?, ?, ?, ?, ?, ?, ?, ?, ?, ?, ?, ?, ?, ?, ?, ?, ?) RETURNING id_aav, created_at, updated_at]
E       [parameters: (1, 'AAV Test', None, 'Maths', None, None, None, None, None, None, None, None, 'Calcul Automatisé', None, None, '"{\\"seuil_succes\\": 0.7}"', 1, 1)]
E       (Background on this error at: https://sqlalche.me/e/20/gkpj)

../../Library/Python/3.9/lib/python/site-packages/sqlalchemy/engine/default.py:952: IntegrityError
=============================== warnings summary ===============================
../../Library/Python/3.9/lib/python/site-packages/pydantic/_internal/_config.py:323
../../Library/Python/3.9/lib/python/site-packages/pydantic/_internal/_config.py:323
../../Library/Python/3.9/lib/python/site-packages/pydantic/_internal/_config.py:323
../../Library/Python/3.9/lib/python/site-packages/pydantic/_internal/_config.py:323
../../Library/Python/3.9/lib/python/site-packages/pydantic/_internal/_config.py:323
../../Library/Python/3.9/lib/python/site-packages/pydantic/_internal/_config.py:323
../../Library/Python/3.9/lib/python/site-packages/pydantic/_internal/_config.py:323
  /Users/ramtani/Library/Python/3.9/lib/python/site-packages/pydantic/_internal/_config.py:323: PydanticDeprecatedSince20: Support for class-based `config` is deprecated, use ConfigDict instead. Deprecated in Pydantic V2.0 to be removed in V3.0. See Pydantic V2 Migration Guide at https://errors.pydantic.dev/2.11/migration/
    warnings.warn(DEPRECATION_MESSAGE, DeprecationWarning)

app/main.py:24
  /Users/ramtani/Desktop/projet_python/app/main.py:24: DeprecationWarning: 
          on_event is deprecated, use lifespan event handlers instead.
  
          Read more about it in the
          [FastAPI docs for Lifespan Events](https://fastapi.tiangolo.com/advanced/events/).
          
    @app.on_event("startup")

../../Library/Python/3.9/lib/python/site-packages/fastapi/applications.py:4579
  /Users/ramtani/Library/Python/3.9/lib/python/site-packages/fastapi/applications.py:4579: DeprecationWarning: 
          on_event is deprecated, use lifespan event handlers instead.
  
          Read more about it in the
          [FastAPI docs for Lifespan Events](https://fastapi.tiangolo.com/advanced/events/).
          
    return self.router.on_event(event_type)

-- Docs: https://docs.pytest.org/en/stable/how-to/capture-warnings.html
=========================== short test summary info ============================
FAILED tests/test_exercise_engine.py::test_get_prompts_for_aav_real - sqlalch...
======================== 1 failed, 9 warnings in 0.50s =========================
